Archive member included to satisfy reference by file (symbol)

C:/PROGRA~2/ARMGNU~1/142BCE~1.3RE/bin/../lib/gcc/arm-none-eabi/14.3.1/../../../../arm-none-eabi/lib\libc.a(libc_a-exit.o)
                              C:/PROGRA~2/ARMGNU~1/142BCE~1.3RE/bin/../lib/gcc/arm-none-eabi/14.3.1/../../../../arm-none-eabi/lib/crt0.o (exit)
C:/PROGRA~2/ARMGNU~1/142BCE~1.3RE/bin/../lib/gcc/arm-none-eabi/14.3.1/../../../../arm-none-eabi/lib\libc.a(libc_a-findfp.o)
                              C:/PROGRA~2/ARMGNU~1/142BCE~1.3RE/bin/../lib/gcc/arm-none-eabi/14.3.1/../../../../arm-none-eabi/lib\libc.a(libc_a-exit.o) (__stdio_exit_handler)
C:/PROGRA~2/ARMGNU~1/142BCE~1.3RE/bin/../lib/gcc/arm-none-eabi/14.3.1/../../../../arm-none-eabi/lib\libc.a(libc_a-fwalk.o)
                              C:/PROGRA~2/ARMGNU~1/142BCE~1.3RE/bin/../lib/gcc/arm-none-eabi/14.3.1/../../../../arm-none-eabi/lib\libc.a(libc_a-findfp.o) (_fwalk_sglue)
C:/PROGRA~2/ARMGNU~1/142BCE~1.3RE/bin/../lib/gcc/arm-none-eabi/14.3.1/../../../../arm-none-eabi/lib\libc.a(libc_a-stdio.o)
                              C:/PROGRA~2/ARMGNU~1/142BCE~1.3RE/bin/../lib/gcc/arm-none-eabi/14.3.1/../../../../arm-none-eabi/lib\libc.a(libc_a-findfp.o) (__sread)
C:/PROGRA~2/ARMGNU~1/142BCE~1.3RE/bin/../lib/gcc/arm-none-eabi/14.3.1/../../../../arm-none-eabi/lib\libc.a(libc_a-memset.o)
                              C:/PROGRA~2/ARMGNU~1/142BCE~1.3RE/bin/../lib/gcc/arm-none-eabi/14.3.1/../../../../arm-none-eabi/lib/crt0.o (memset)
C:/PROGRA~2/ARMGNU~1/142BCE~1.3RE/bin/../lib/gcc/arm-none-eabi/14.3.1/../../../../arm-none-eabi/lib\libc.a(libc_a-closer.o)
                              C:/PROGRA~2/ARMGNU~1/142BCE~1.3RE/bin/../lib/gcc/arm-none-eabi/14.3.1/../../../../arm-none-eabi/lib\libc.a(libc_a-stdio.o) (_close_r)
C:/PROGRA~2/ARMGNU~1/142BCE~1.3RE/bin/../lib/gcc/arm-none-eabi/14.3.1/../../../../arm-none-eabi/lib\libc.a(libc_a-reent.o)
                              C:/PROGRA~2/ARMGNU~1/142BCE~1.3RE/bin/../lib/gcc/arm-none-eabi/14.3.1/../../../../arm-none-eabi/lib\libc.a(libc_a-closer.o) (errno)
C:/PROGRA~2/ARMGNU~1/142BCE~1.3RE/bin/../lib/gcc/arm-none-eabi/14.3.1/../../../../arm-none-eabi/lib\libc.a(libc_a-impure.o)
                              C:/PROGRA~2/ARMGNU~1/142BCE~1.3RE/bin/../lib/gcc/arm-none-eabi/14.3.1/../../../../arm-none-eabi/lib\libc.a(libc_a-reent.o) (_impure_ptr)
C:/PROGRA~2/ARMGNU~1/142BCE~1.3RE/bin/../lib/gcc/arm-none-eabi/14.3.1/../../../../arm-none-eabi/lib\libc.a(libc_a-lseekr.o)
                              C:/PROGRA~2/ARMGNU~1/142BCE~1.3RE/bin/../lib/gcc/arm-none-eabi/14.3.1/../../../../arm-none-eabi/lib\libc.a(libc_a-stdio.o) (_lseek_r)
C:/PROGRA~2/ARMGNU~1/142BCE~1.3RE/bin/../lib/gcc/arm-none-eabi/14.3.1/../../../../arm-none-eabi/lib\libc.a(libc_a-readr.o)
                              C:/PROGRA~2/ARMGNU~1/142BCE~1.3RE/bin/../lib/gcc/arm-none-eabi/14.3.1/../../../../arm-none-eabi/lib\libc.a(libc_a-stdio.o) (_read_r)
C:/PROGRA~2/ARMGNU~1/142BCE~1.3RE/bin/../lib/gcc/arm-none-eabi/14.3.1/../../../../arm-none-eabi/lib\libc.a(libc_a-writer.o)
                              C:/PROGRA~2/ARMGNU~1/142BCE~1.3RE/bin/../lib/gcc/arm-none-eabi/14.3.1/../../../../arm-none-eabi/lib\libc.a(libc_a-stdio.o) (_write_r)
C:/PROGRA~2/ARMGNU~1/142BCE~1.3RE/bin/../lib/gcc/arm-none-eabi/14.3.1/../../../../arm-none-eabi/lib\libc.a(libc_a-init.o)
                              C:/PROGRA~2/ARMGNU~1/142BCE~1.3RE/bin/../lib/gcc/arm-none-eabi/14.3.1/../../../../arm-none-eabi/lib/crt0.o (__libc_init_array)
C:/PROGRA~2/ARMGNU~1/142BCE~1.3RE/bin/../lib/gcc/arm-none-eabi/14.3.1/../../../../arm-none-eabi/lib\libc.a(libc_a-lock.o)
                              C:/PROGRA~2/ARMGNU~1/142BCE~1.3RE/bin/../lib/gcc/arm-none-eabi/14.3.1/../../../../arm-none-eabi/lib\libc.a(libc_a-findfp.o) (__retarget_lock_init_recursive)
C:/PROGRA~2/ARMGNU~1/142BCE~1.3RE/bin/../lib/gcc/arm-none-eabi/14.3.1/../../../../arm-none-eabi/lib\libc.a(libc_a-__call_atexit.o)
                              C:/PROGRA~2/ARMGNU~1/142BCE~1.3RE/bin/../lib/gcc/arm-none-eabi/14.3.1/../../../../arm-none-eabi/lib\libc.a(libc_a-exit.o) (__call_exitprocs)
C:/PROGRA~2/ARMGNU~1/142BCE~1.3RE/bin/../lib/gcc/arm-none-eabi/14.3.1/../../../../arm-none-eabi/lib\libc.a(libc_a-atexit.o)
                              C:/PROGRA~2/ARMGNU~1/142BCE~1.3RE/bin/../lib/gcc/arm-none-eabi/14.3.1/../../../../arm-none-eabi/lib\libc.a(libc_a-__call_atexit.o) (atexit)
C:/PROGRA~2/ARMGNU~1/142BCE~1.3RE/bin/../lib/gcc/arm-none-eabi/14.3.1/../../../../arm-none-eabi/lib\libc.a(libc_a-freer.o)
                              C:/PROGRA~2/ARMGNU~1/142BCE~1.3RE/bin/../lib/gcc/arm-none-eabi/14.3.1/../../../../arm-none-eabi/lib\libc.a(libc_a-reent.o) (_free_r)
C:/PROGRA~2/ARMGNU~1/142BCE~1.3RE/bin/../lib/gcc/arm-none-eabi/14.3.1/../../../../arm-none-eabi/lib\libc.a(libc_a-mallocr.o)
                              C:/PROGRA~2/ARMGNU~1/142BCE~1.3RE/bin/../lib/gcc/arm-none-eabi/14.3.1/../../../../arm-none-eabi/lib\libc.a(libc_a-findfp.o) (_malloc_r)
C:/PROGRA~2/ARMGNU~1/142BCE~1.3RE/bin/../lib/gcc/arm-none-eabi/14.3.1/../../../../arm-none-eabi/lib\libc.a(libc_a-mlock.o)
                              C:/PROGRA~2/ARMGNU~1/142BCE~1.3RE/bin/../lib/gcc/arm-none-eabi/14.3.1/../../../../arm-none-eabi/lib\libc.a(libc_a-freer.o) (__malloc_lock)
C:/PROGRA~2/ARMGNU~1/142BCE~1.3RE/bin/../lib/gcc/arm-none-eabi/14.3.1/../../../../arm-none-eabi/lib\libc.a(libc_a-fclose.o)
                              C:/PROGRA~2/ARMGNU~1/142BCE~1.3RE/bin/../lib/gcc/arm-none-eabi/14.3.1/../../../../arm-none-eabi/lib\libc.a(libc_a-findfp.o) (_fclose_r)
C:/PROGRA~2/ARMGNU~1/142BCE~1.3RE/bin/../lib/gcc/arm-none-eabi/14.3.1/../../../../arm-none-eabi/lib\libc.a(libc_a-fflush.o)
                              C:/PROGRA~2/ARMGNU~1/142BCE~1.3RE/bin/../lib/gcc/arm-none-eabi/14.3.1/../../../../arm-none-eabi/lib\libc.a(libc_a-fclose.o) (__sflush_r)
C:/PROGRA~2/ARMGNU~1/142BCE~1.3RE/bin/../lib/gcc/arm-none-eabi/14.3.1/../../../../arm-none-eabi/lib\libc.a(libc_a-sbrkr.o)
                              C:/PROGRA~2/ARMGNU~1/142BCE~1.3RE/bin/../lib/gcc/arm-none-eabi/14.3.1/../../../../arm-none-eabi/lib\libc.a(libc_a-freer.o) (_sbrk_r)
C:/PROGRA~2/ARMGNU~1/142BCE~1.3RE/bin/../lib/gcc/arm-none-eabi/14.3.1/../../../../arm-none-eabi/lib\libc.a(libc_a-fini.o)
                              C:/PROGRA~2/ARMGNU~1/142BCE~1.3RE/bin/../lib/gcc/arm-none-eabi/14.3.1/../../../../arm-none-eabi/lib\libc.a(libc_a-__call_atexit.o) (__libc_fini_array)
C:/PROGRA~2/ARMGNU~1/142BCE~1.3RE/bin/../lib/gcc/arm-none-eabi/14.3.1/../../../../arm-none-eabi/lib\libc.a(libc_a-sysconf.o)
                              C:/PROGRA~2/ARMGNU~1/142BCE~1.3RE/bin/../lib/gcc/arm-none-eabi/14.3.1/../../../../arm-none-eabi/lib\libc.a(libc_a-freer.o) (sysconf)
C:/PROGRA~2/ARMGNU~1/142BCE~1.3RE/bin/../lib/gcc/arm-none-eabi/14.3.1/../../../../arm-none-eabi/lib\libc.a(libc_a-__atexit.o)
                              C:/PROGRA~2/ARMGNU~1/142BCE~1.3RE/bin/../lib/gcc/arm-none-eabi/14.3.1/../../../../arm-none-eabi/lib\libc.a(libc_a-atexit.o) (__register_exitproc)
C:/PROGRA~2/ARMGNU~1/142BCE~1.3RE/bin/../lib/gcc/arm-none-eabi/14.3.1/../../../../arm-none-eabi/lib\libc.a(libc_a-errno.o)
                              C:/PROGRA~2/ARMGNU~1/142BCE~1.3RE/bin/../lib/gcc/arm-none-eabi/14.3.1/../../../../arm-none-eabi/lib\libc.a(libc_a-sysconf.o) (__errno)
C:/PROGRA~2/ARMGNU~1/142BCE~1.3RE/bin/../lib/gcc/arm-none-eabi/14.3.1\libgcc.a(_udivsi3.o)
                              C:/PROGRA~2/ARMGNU~1/142BCE~1.3RE/bin/../lib/gcc/arm-none-eabi/14.3.1/../../../../arm-none-eabi/lib\libc.a(libc_a-freer.o) (__aeabi_uidiv)
C:/PROGRA~2/ARMGNU~1/142BCE~1.3RE/bin/../lib/gcc/arm-none-eabi/14.3.1\libgcc.a(_dvmd_tls.o)
                              C:/PROGRA~2/ARMGNU~1/142BCE~1.3RE/bin/../lib/gcc/arm-none-eabi/14.3.1\libgcc.a(_udivsi3.o) (__aeabi_idiv0)

Discarded input sections

 .debug_frame   0x00000000       0x28 C:/PROGRA~2/ARMGNU~1/142BCE~1.3RE/bin/../lib/gcc/arm-none-eabi/14.3.1/../../../../arm-none-eabi/lib\libc.a(libc_a-exit.o)
 .ARM.attributes
                0x00000000       0x2a C:/PROGRA~2/ARMGNU~1/142BCE~1.3RE/bin/../lib/gcc/arm-none-eabi/14.3.1/../../../../arm-none-eabi/lib\libc.a(libc_a-exit.o)
 .debug_frame   0x00000000      0x170 C:/PROGRA~2/ARMGNU~1/142BCE~1.3RE/bin/../lib/gcc/arm-none-eabi/14.3.1/../../../../arm-none-eabi/lib\libc.a(libc_a-findfp.o)
 .ARM.attributes
                0x00000000       0x2a C:/PROGRA~2/ARMGNU~1/142BCE~1.3RE/bin/../lib/gcc/arm-none-eabi/14.3.1/../../../../arm-none-eabi/lib\libc.a(libc_a-findfp.o)
 .debug_frame   0x00000000       0x40 C:/PROGRA~2/ARMGNU~1/142BCE~1.3RE/bin/../lib/gcc/arm-none-eabi/14.3.1/../../../../arm-none-eabi/lib\libc.a(libc_a-fwalk.o)
 .ARM.attributes
                0x00000000       0x2a C:/PROGRA~2/ARMGNU~1/142BCE~1.3RE/bin/../lib/gcc/arm-none-eabi/14.3.1/../../../../arm-none-eabi/lib\libc.a(libc_a-fwalk.o)
 .debug_frame   0x00000000       0xa0 C:/PROGRA~2/ARMGNU~1/142BCE~1.3RE/bin/../lib/gcc/arm-none-eabi/14.3.1/../../../../arm-none-eabi/lib\libc.a(libc_a-stdio.o)
 .ARM.attributes
                0x00000000       0x2a C:/PROGRA~2/ARMGNU~1/142BCE~1.3RE/bin/../lib/gcc/arm-none-eabi/14.3.1/../../../../arm-none-eabi/lib\libc.a(libc_a-stdio.o)
 .debug_frame   0x00000000       0x3c C:/PROGRA~2/ARMGNU~1/142BCE~1.3RE/bin/../lib/gcc/arm-none-eabi/14.3.1/../../../../arm-none-eabi/lib\libc.a(libc_a-memset.o)
 .ARM.attributes
                0x00000000       0x2a C:/PROGRA~2/ARMGNU~1/142BCE~1.3RE/bin/../lib/gcc/arm-none-eabi/14.3.1/../../../../arm-none-eabi/lib\libc.a(libc_a-memset.o)
 .debug_frame   0x00000000       0x34 C:/PROGRA~2/ARMGNU~1/142BCE~1.3RE/bin/../lib/gcc/arm-none-eabi/14.3.1/../../../../arm-none-eabi/lib\libc.a(libc_a-closer.o)
 .ARM.attributes
                0x00000000       0x2a C:/PROGRA~2/ARMGNU~1/142BCE~1.3RE/bin/../lib/gcc/arm-none-eabi/14.3.1/../../../../arm-none-eabi/lib\libc.a(libc_a-closer.o)
 .debug_frame   0x00000000       0x40 C:/PROGRA~2/ARMGNU~1/142BCE~1.3RE/bin/../lib/gcc/arm-none-eabi/14.3.1/../../../../arm-none-eabi/lib\libc.a(libc_a-reent.o)
 .ARM.attributes
                0x00000000       0x2a C:/PROGRA~2/ARMGNU~1/142BCE~1.3RE/bin/../lib/gcc/arm-none-eabi/14.3.1/../../../../arm-none-eabi/lib\libc.a(libc_a-reent.o)
 .ARM.attributes
                0x00000000       0x2a C:/PROGRA~2/ARMGNU~1/142BCE~1.3RE/bin/../lib/gcc/arm-none-eabi/14.3.1/../../../../arm-none-eabi/lib\libc.a(libc_a-impure.o)
 .debug_frame   0x00000000       0x34 C:/PROGRA~2/ARMGNU~1/142BCE~1.3RE/bin/../lib/gcc/arm-none-eabi/14.3.1/../../../../arm-none-eabi/lib\libc.a(libc_a-lseekr.o)
 .ARM.attributes
                0x00000000       0x2a C:/PROGRA~2/ARMGNU~1/142BCE~1.3RE/bin/../lib/gcc/arm-none-eabi/14.3.1/../../../../arm-none-eabi/lib\libc.a(libc_a-lseekr.o)
 .debug_frame   0x00000000       0x34 C:/PROGRA~2/ARMGNU~1/142BCE~1.3RE/bin/../lib/gcc/arm-none-eabi/14.3.1/../../../../arm-none-eabi/lib\libc.a(libc_a-readr.o)
 .ARM.attributes
                0x00000000       0x2a C:/PROGRA~2/ARMGNU~1/142BCE~1.3RE/bin/../lib/gcc/arm-none-eabi/14.3.1/../../../../arm-none-eabi/lib\libc.a(libc_a-readr.o)
 .debug_frame   0x00000000       0x34 C:/PROGRA~2/ARMGNU~1/142BCE~1.3RE/bin/../lib/gcc/arm-none-eabi/14.3.1/../../../../arm-none-eabi/lib\libc.a(libc_a-writer.o)
 .ARM.attributes
                0x00000000       0x2a C:/PROGRA~2/ARMGNU~1/142BCE~1.3RE/bin/../lib/gcc/arm-none-eabi/14.3.1/../../../../arm-none-eabi/lib\libc.a(libc_a-writer.o)
 .debug_frame   0x00000000       0x34 C:/PROGRA~2/ARMGNU~1/142BCE~1.3RE/bin/../lib/gcc/arm-none-eabi/14.3.1/../../../../arm-none-eabi/lib\libc.a(libc_a-init.o)
 .ARM.attributes
                0x00000000       0x2a C:/PROGRA~2/ARMGNU~1/142BCE~1.3RE/bin/../lib/gcc/arm-none-eabi/14.3.1/../../../../arm-none-eabi/lib\libc.a(libc_a-init.o)
 .debug_frame   0x00000000       0xb0 C:/PROGRA~2/ARMGNU~1/142BCE~1.3RE/bin/../lib/gcc/arm-none-eabi/14.3.1/../../../../arm-none-eabi/lib\libc.a(libc_a-lock.o)
 .ARM.attributes
                0x00000000       0x2a C:/PROGRA~2/ARMGNU~1/142BCE~1.3RE/bin/../lib/gcc/arm-none-eabi/14.3.1/../../../../arm-none-eabi/lib\libc.a(libc_a-lock.o)
 .debug_frame   0x00000000       0x68 C:/PROGRA~2/ARMGNU~1/142BCE~1.3RE/bin/../lib/gcc/arm-none-eabi/14.3.1/../../../../arm-none-eabi/lib\libc.a(libc_a-__call_atexit.o)
 .ARM.attributes
                0x00000000       0x2a C:/PROGRA~2/ARMGNU~1/142BCE~1.3RE/bin/../lib/gcc/arm-none-eabi/14.3.1/../../../../arm-none-eabi/lib\libc.a(libc_a-__call_atexit.o)
 .debug_frame   0x00000000       0x2c C:/PROGRA~2/ARMGNU~1/142BCE~1.3RE/bin/../lib/gcc/arm-none-eabi/14.3.1/../../../../arm-none-eabi/lib\libc.a(libc_a-atexit.o)
 .ARM.attributes
                0x00000000       0x2a C:/PROGRA~2/ARMGNU~1/142BCE~1.3RE/bin/../lib/gcc/arm-none-eabi/14.3.1/../../../../arm-none-eabi/lib\libc.a(libc_a-atexit.o)
 .debug_frame   0x00000000       0x70 C:/PROGRA~2/ARMGNU~1/142BCE~1.3RE/bin/../lib/gcc/arm-none-eabi/14.3.1/../../../../arm-none-eabi/lib\libc.a(libc_a-freer.o)
 .ARM.attributes
                0x00000000       0x2a C:/PROGRA~2/ARMGNU~1/142BCE~1.3RE/bin/../lib/gcc/arm-none-eabi/14.3.1/../../../../arm-none-eabi/lib\libc.a(libc_a-freer.o)
 .debug_frame   0x00000000       0x70 C:/PROGRA~2/ARMGNU~1/142BCE~1.3RE/bin/../lib/gcc/arm-none-eabi/14.3.1/../../../../arm-none-eabi/lib\libc.a(libc_a-mallocr.o)
 .ARM.attributes
                0x00000000       0x2a C:/PROGRA~2/ARMGNU~1/142BCE~1.3RE/bin/../lib/gcc/arm-none-eabi/14.3.1/../../../../arm-none-eabi/lib\libc.a(libc_a-mallocr.o)
 .debug_frame   0x00000000       0x48 C:/PROGRA~2/ARMGNU~1/142BCE~1.3RE/bin/../lib/gcc/arm-none-eabi/14.3.1/../../../../arm-none-eabi/lib\libc.a(libc_a-mlock.o)
 .ARM.attributes
                0x00000000       0x2a C:/PROGRA~2/ARMGNU~1/142BCE~1.3RE/bin/../lib/gcc/arm-none-eabi/14.3.1/../../../../arm-none-eabi/lib\libc.a(libc_a-mlock.o)
 .debug_frame   0x00000000       0x50 C:/PROGRA~2/ARMGNU~1/142BCE~1.3RE/bin/../lib/gcc/arm-none-eabi/14.3.1/../../../../arm-none-eabi/lib\libc.a(libc_a-fclose.o)
 .ARM.attributes
                0x00000000       0x2a C:/PROGRA~2/ARMGNU~1/142BCE~1.3RE/bin/../lib/gcc/arm-none-eabi/14.3.1/../../../../arm-none-eabi/lib\libc.a(libc_a-fclose.o)
 .debug_frame   0x00000000       0xa4 C:/PROGRA~2/ARMGNU~1/142BCE~1.3RE/bin/../lib/gcc/arm-none-eabi/14.3.1/../../../../arm-none-eabi/lib\libc.a(libc_a-fflush.o)
 .ARM.attributes
                0x00000000       0x2a C:/PROGRA~2/ARMGNU~1/142BCE~1.3RE/bin/../lib/gcc/arm-none-eabi/14.3.1/../../../../arm-none-eabi/lib\libc.a(libc_a-fflush.o)
 .debug_frame   0x00000000       0x3c C:/PROGRA~2/ARMGNU~1/142BCE~1.3RE/bin/../lib/gcc/arm-none-eabi/14.3.1/../../../../arm-none-eabi/lib\libc.a(libc_a-sbrkr.o)
 .ARM.attributes
                0x00000000       0x2a C:/PROGRA~2/ARMGNU~1/142BCE~1.3RE/bin/../lib/gcc/arm-none-eabi/14.3.1/../../../../arm-none-eabi/lib\libc.a(libc_a-sbrkr.o)
 .debug_frame   0x00000000       0x34 C:/PROGRA~2/ARMGNU~1/142BCE~1.3RE/bin/../lib/gcc/arm-none-eabi/14.3.1/../../../../arm-none-eabi/lib\libc.a(libc_a-fini.o)
 .ARM.attributes
                0x00000000       0x2a C:/PROGRA~2/ARMGNU~1/142BCE~1.3RE/bin/../lib/gcc/arm-none-eabi/14.3.1/../../../../arm-none-eabi/lib\libc.a(libc_a-fini.o)
 .debug_frame   0x00000000       0x2c C:/PROGRA~2/ARMGNU~1/142BCE~1.3RE/bin/../lib/gcc/arm-none-eabi/14.3.1/../../../../arm-none-eabi/lib\libc.a(libc_a-sysconf.o)
 .ARM.attributes
                0x00000000       0x2a C:/PROGRA~2/ARMGNU~1/142BCE~1.3RE/bin/../lib/gcc/arm-none-eabi/14.3.1/../../../../arm-none-eabi/lib\libc.a(libc_a-sysconf.o)
 .debug_frame   0x00000000       0x3c C:/PROGRA~2/ARMGNU~1/142BCE~1.3RE/bin/../lib/gcc/arm-none-eabi/14.3.1/../../../../arm-none-eabi/lib\libc.a(libc_a-__atexit.o)
 .ARM.attributes
                0x00000000       0x2a C:/PROGRA~2/ARMGNU~1/142BCE~1.3RE/bin/../lib/gcc/arm-none-eabi/14.3.1/../../../../arm-none-eabi/lib\libc.a(libc_a-__atexit.o)
 .debug_frame   0x00000000       0x20 C:/PROGRA~2/ARMGNU~1/142BCE~1.3RE/bin/../lib/gcc/arm-none-eabi/14.3.1/../../../../arm-none-eabi/lib\libc.a(libc_a-errno.o)
 .ARM.attributes
                0x00000000       0x2a C:/PROGRA~2/ARMGNU~1/142BCE~1.3RE/bin/../lib/gcc/arm-none-eabi/14.3.1/../../../../arm-none-eabi/lib\libc.a(libc_a-errno.o)
 .debug_frame   0x00000000       0x20 C:/PROGRA~2/ARMGNU~1/142BCE~1.3RE/bin/../lib/gcc/arm-none-eabi/14.3.1\libgcc.a(_udivsi3.o)
 .debug_line_str
                0x00000000       0xb9 C:/PROGRA~2/ARMGNU~1/142BCE~1.3RE/bin/../lib/gcc/arm-none-eabi/14.3.1\libgcc.a(_udivsi3.o)
 .ARM.attributes
                0x00000000       0x1c C:/PROGRA~2/ARMGNU~1/142BCE~1.3RE/bin/../lib/gcc/arm-none-eabi/14.3.1\libgcc.a(_udivsi3.o)
 .debug_line_str
                0x00000000       0xb9 C:/PROGRA~2/ARMGNU~1/142BCE~1.3RE/bin/../lib/gcc/arm-none-eabi/14.3.1\libgcc.a(_dvmd_tls.o)
 .ARM.attributes
                0x00000000       0x1c C:/PROGRA~2/ARMGNU~1/142BCE~1.3RE/bin/../lib/gcc/arm-none-eabi/14.3.1\libgcc.a(_dvmd_tls.o)

Memory Configuration

Name             Origin             Length             Attributes
RAM              0x20000000         0x00005000         xrw
FLASH            0x08000000         0x00010000         xr
*default*        0x00000000         0xffffffff

Linker script and memory map

LOAD C:/PROGRA~2/ARMGNU~1/142BCE~1.3RE/bin/../lib/gcc/arm-none-eabi/14.3.1/crti.o
LOAD C:/PROGRA~2/ARMGNU~1/142BCE~1.3RE/bin/../lib/gcc/arm-none-eabi/14.3.1/crtbegin.o
LOAD C:/PROGRA~2/ARMGNU~1/142BCE~1.3RE/bin/../lib/gcc/arm-none-eabi/14.3.1/../../../../arm-none-eabi/lib/crt0.o
                0x20005000                        _estack = (ORIGIN (RAM) + LENGTH (RAM))
                0x00000200                        _Min_Heap_Size = 0x200
                0x00000400                        _Min_Stack_Size = 0x400

.isr_vector     0x08000000        0x0
                0x08000000                        . = ALIGN (0x4)
 *(.isr_vector)
                0x08000000                        . = ALIGN (0x4)

.text           0x08000000     0x20f0
                0x08000000                        . = ALIGN (0x4)
 *(.text)
 .text          0x08000000        0x0 C:/PROGRA~2/ARMGNU~1/142BCE~1.3RE/bin/../lib/gcc/arm-none-eabi/14.3.1/crti.o
 .text          0x08000000        0x0 C:/PROGRA~2/ARMGNU~1/142BCE~1.3RE/bin/../lib/gcc/arm-none-eabi/14.3.1/crtbegin.o
 .text          0x08000000      0x140 C:/PROGRA~2/ARMGNU~1/142BCE~1.3RE/bin/../lib/gcc/arm-none-eabi/14.3.1/../../../../arm-none-eabi/lib/crt0.o
                0x08000000                _stack_init
                0x08000090                _start
                0x08000090                _mainCRTStartup
 .text          0x08000140        0x0 C:/PROGRA~2/ARMGNU~1/142BCE~1.3RE/bin/../lib/gcc/arm-none-eabi/14.3.1/../../../../arm-none-eabi/lib\libc.a(libc_a-exit.o)
 .text          0x08000140        0x0 C:/PROGRA~2/ARMGNU~1/142BCE~1.3RE/bin/../lib/gcc/arm-none-eabi/14.3.1/../../../../arm-none-eabi/lib\libc.a(libc_a-findfp.o)
 .text          0x08000140        0x0 C:/PROGRA~2/ARMGNU~1/142BCE~1.3RE/bin/../lib/gcc/arm-none-eabi/14.3.1/../../../../arm-none-eabi/lib\libc.a(libc_a-fwalk.o)
 .text          0x08000140        0x0 C:/PROGRA~2/ARMGNU~1/142BCE~1.3RE/bin/../lib/gcc/arm-none-eabi/14.3.1/../../../../arm-none-eabi/lib\libc.a(libc_a-stdio.o)
 .text          0x08000140        0x0 C:/PROGRA~2/ARMGNU~1/142BCE~1.3RE/bin/../lib/gcc/arm-none-eabi/14.3.1/../../../../arm-none-eabi/lib\libc.a(libc_a-memset.o)
 .text          0x08000140        0x0 C:/PROGRA~2/ARMGNU~1/142BCE~1.3RE/bin/../lib/gcc/arm-none-eabi/14.3.1/../../../../arm-none-eabi/lib\libc.a(libc_a-closer.o)
 .text          0x08000140        0x0 C:/PROGRA~2/ARMGNU~1/142BCE~1.3RE/bin/../lib/gcc/arm-none-eabi/14.3.1/../../../../arm-none-eabi/lib\libc.a(libc_a-reent.o)
 .text          0x08000140        0x0 C:/PROGRA~2/ARMGNU~1/142BCE~1.3RE/bin/../lib/gcc/arm-none-eabi/14.3.1/../../../../arm-none-eabi/lib\libc.a(libc_a-impure.o)
 .text          0x08000140        0x0 C:/PROGRA~2/ARMGNU~1/142BCE~1.3RE/bin/../lib/gcc/arm-none-eabi/14.3.1/../../../../arm-none-eabi/lib\libc.a(libc_a-lseekr.o)
 .text          0x08000140        0x0 C:/PROGRA~2/ARMGNU~1/142BCE~1.3RE/bin/../lib/gcc/arm-none-eabi/14.3.1/../../../../arm-none-eabi/lib\libc.a(libc_a-readr.o)
 .text          0x08000140        0x0 C:/PROGRA~2/ARMGNU~1/142BCE~1.3RE/bin/../lib/gcc/arm-none-eabi/14.3.1/../../../../arm-none-eabi/lib\libc.a(libc_a-writer.o)
 .text          0x08000140        0x0 C:/PROGRA~2/ARMGNU~1/142BCE~1.3RE/bin/../lib/gcc/arm-none-eabi/14.3.1/../../../../arm-none-eabi/lib\libc.a(libc_a-init.o)
 .text          0x08000140        0x0 C:/PROGRA~2/ARMGNU~1/142BCE~1.3RE/bin/../lib/gcc/arm-none-eabi/14.3.1/../../../../arm-none-eabi/lib\libc.a(libc_a-lock.o)
 .text          0x08000140        0x0 C:/PROGRA~2/ARMGNU~1/142BCE~1.3RE/bin/../lib/gcc/arm-none-eabi/14.3.1/../../../../arm-none-eabi/lib\libc.a(libc_a-__call_atexit.o)
 .text          0x08000140        0x0 C:/PROGRA~2/ARMGNU~1/142BCE~1.3RE/bin/../lib/gcc/arm-none-eabi/14.3.1/../../../../arm-none-eabi/lib\libc.a(libc_a-atexit.o)
 .text          0x08000140        0x0 C:/PROGRA~2/ARMGNU~1/142BCE~1.3RE/bin/../lib/gcc/arm-none-eabi/14.3.1/../../../../arm-none-eabi/lib\libc.a(libc_a-freer.o)
 .text          0x08000140        0x0 C:/PROGRA~2/ARMGNU~1/142BCE~1.3RE/bin/../lib/gcc/arm-none-eabi/14.3.1/../../../../arm-none-eabi/lib\libc.a(libc_a-mallocr.o)
 .text          0x08000140        0x0 C:/PROGRA~2/ARMGNU~1/142BCE~1.3RE/bin/../lib/gcc/arm-none-eabi/14.3.1/../../../../arm-none-eabi/lib\libc.a(libc_a-mlock.o)
 .text          0x08000140        0x0 C:/PROGRA~2/ARMGNU~1/142BCE~1.3RE/bin/../lib/gcc/arm-none-eabi/14.3.1/../../../../arm-none-eabi/lib\libc.a(libc_a-fclose.o)
 .text          0x08000140        0x0 C:/PROGRA~2/ARMGNU~1/142BCE~1.3RE/bin/../lib/gcc/arm-none-eabi/14.3.1/../../../../arm-none-eabi/lib\libc.a(libc_a-fflush.o)
 .text          0x08000140        0x0 C:/PROGRA~2/ARMGNU~1/142BCE~1.3RE/bin/../lib/gcc/arm-none-eabi/14.3.1/../../../../arm-none-eabi/lib\libc.a(libc_a-sbrkr.o)
 .text          0x08000140        0x0 C:/PROGRA~2/ARMGNU~1/142BCE~1.3RE/bin/../lib/gcc/arm-none-eabi/14.3.1/../../../../arm-none-eabi/lib\libc.a(libc_a-fini.o)
 .text          0x08000140        0x0 C:/PROGRA~2/ARMGNU~1/142BCE~1.3RE/bin/../lib/gcc/arm-none-eabi/14.3.1/../../../../arm-none-eabi/lib\libc.a(libc_a-sysconf.o)
 .text          0x08000140        0x0 C:/PROGRA~2/ARMGNU~1/142BCE~1.3RE/bin/../lib/gcc/arm-none-eabi/14.3.1/../../../../arm-none-eabi/lib\libc.a(libc_a-__atexit.o)
 .text          0x08000140        0x0 C:/PROGRA~2/ARMGNU~1/142BCE~1.3RE/bin/../lib/gcc/arm-none-eabi/14.3.1/../../../../arm-none-eabi/lib\libc.a(libc_a-errno.o)
 .text          0x08000140      0x114 C:/PROGRA~2/ARMGNU~1/142BCE~1.3RE/bin/../lib/gcc/arm-none-eabi/14.3.1\libgcc.a(_udivsi3.o)
                0x08000140                __aeabi_uidiv
                0x08000140                __udivsi3
                0x08000234                __aeabi_uidivmod
 .text          0x08000254        0x4 C:/PROGRA~2/ARMGNU~1/142BCE~1.3RE/bin/../lib/gcc/arm-none-eabi/14.3.1\libgcc.a(_dvmd_tls.o)
                0x08000254                __aeabi_idiv0
                0x08000254                __aeabi_ldiv0
 .text          0x08000258       0x1c CMakeFiles/template.dir/main.c.obj
                0x08000258                main
 .text          0x08000274        0x0 C:/PROGRA~2/ARMGNU~1/142BCE~1.3RE/bin/../lib/gcc/arm-none-eabi/14.3.1/crtend.o
 .text          0x08000274        0x0 C:/PROGRA~2/ARMGNU~1/142BCE~1.3RE/bin/../lib/gcc/arm-none-eabi/14.3.1/crtn.o
 *(.text*)
 .text.deregister_tm_clones
                0x08000274       0x2c C:/PROGRA~2/ARMGNU~1/142BCE~1.3RE/bin/../lib/gcc/arm-none-eabi/14.3.1/crtbegin.o
 .text.register_tm_clones
                0x080002a0       0x38 C:/PROGRA~2/ARMGNU~1/142BCE~1.3RE/bin/../lib/gcc/arm-none-eabi/14.3.1/crtbegin.o
 .text.__do_global_dtors_aux
                0x080002d8       0x44 C:/PROGRA~2/ARMGNU~1/142BCE~1.3RE/bin/../lib/gcc/arm-none-eabi/14.3.1/crtbegin.o
 .text.frame_dummy
                0x0800031c       0x34 C:/PROGRA~2/ARMGNU~1/142BCE~1.3RE/bin/../lib/gcc/arm-none-eabi/14.3.1/crtbegin.o
 .text.exit     0x08000350       0x30 C:/PROGRA~2/ARMGNU~1/142BCE~1.3RE/bin/../lib/gcc/arm-none-eabi/14.3.1/../../../../arm-none-eabi/lib\libc.a(libc_a-exit.o)
                0x08000350                exit
 .text.stdio_exit_handler
                0x08000380       0x28 C:/PROGRA~2/ARMGNU~1/142BCE~1.3RE/bin/../lib/gcc/arm-none-eabi/14.3.1/../../../../arm-none-eabi/lib\libc.a(libc_a-findfp.o)
 .text.cleanup_stdio
                0x080003a8       0x54 C:/PROGRA~2/ARMGNU~1/142BCE~1.3RE/bin/../lib/gcc/arm-none-eabi/14.3.1/../../../../arm-none-eabi/lib\libc.a(libc_a-findfp.o)
 .text.__fp_lock
                0x080003fc       0x38 C:/PROGRA~2/ARMGNU~1/142BCE~1.3RE/bin/../lib/gcc/arm-none-eabi/14.3.1/../../../../arm-none-eabi/lib\libc.a(libc_a-findfp.o)
 .text.__fp_unlock
                0x08000434       0x38 C:/PROGRA~2/ARMGNU~1/142BCE~1.3RE/bin/../lib/gcc/arm-none-eabi/14.3.1/../../../../arm-none-eabi/lib\libc.a(libc_a-findfp.o)
 .text.global_stdio_init.part.0
                0x0800046c      0x14c C:/PROGRA~2/ARMGNU~1/142BCE~1.3RE/bin/../lib/gcc/arm-none-eabi/14.3.1/../../../../arm-none-eabi/lib\libc.a(libc_a-findfp.o)
 .text.__sfp    0x080005b8      0x134 C:/PROGRA~2/ARMGNU~1/142BCE~1.3RE/bin/../lib/gcc/arm-none-eabi/14.3.1/../../../../arm-none-eabi/lib\libc.a(libc_a-findfp.o)
                0x080005b8                __sfp
 .text.__sinit  0x080006ec       0x64 C:/PROGRA~2/ARMGNU~1/142BCE~1.3RE/bin/../lib/gcc/arm-none-eabi/14.3.1/../../../../arm-none-eabi/lib\libc.a(libc_a-findfp.o)
                0x080006ec                __sinit
 .text.__sfp_lock_acquire
                0x08000750       0x18 C:/PROGRA~2/ARMGNU~1/142BCE~1.3RE/bin/../lib/gcc/arm-none-eabi/14.3.1/../../../../arm-none-eabi/lib\libc.a(libc_a-findfp.o)
                0x08000750                __sfp_lock_acquire
 .text.__sfp_lock_release
                0x08000768       0x18 C:/PROGRA~2/ARMGNU~1/142BCE~1.3RE/bin/../lib/gcc/arm-none-eabi/14.3.1/../../../../arm-none-eabi/lib\libc.a(libc_a-findfp.o)
                0x08000768                __sfp_lock_release
 .text.__fp_lock_all
                0x08000780       0x30 C:/PROGRA~2/ARMGNU~1/142BCE~1.3RE/bin/../lib/gcc/arm-none-eabi/14.3.1/../../../../arm-none-eabi/lib\libc.a(libc_a-findfp.o)
                0x08000780                __fp_lock_all
 .text.__fp_unlock_all
                0x080007b0       0x30 C:/PROGRA~2/ARMGNU~1/142BCE~1.3RE/bin/../lib/gcc/arm-none-eabi/14.3.1/../../../../arm-none-eabi/lib\libc.a(libc_a-findfp.o)
                0x080007b0                __fp_unlock_all
 .text._fwalk_sglue
                0x080007e0       0x78 C:/PROGRA~2/ARMGNU~1/142BCE~1.3RE/bin/../lib/gcc/arm-none-eabi/14.3.1/../../../../arm-none-eabi/lib\libc.a(libc_a-fwalk.o)
                0x080007e0                _fwalk_sglue
 .text.__sread  0x08000858       0x34 C:/PROGRA~2/ARMGNU~1/142BCE~1.3RE/bin/../lib/gcc/arm-none-eabi/14.3.1/../../../../arm-none-eabi/lib\libc.a(libc_a-stdio.o)
                0x08000858                __sread
 .text.__seofread
                0x0800088c        0x8 C:/PROGRA~2/ARMGNU~1/142BCE~1.3RE/bin/../lib/gcc/arm-none-eabi/14.3.1/../../../../arm-none-eabi/lib\libc.a(libc_a-stdio.o)
                0x0800088c                __seofread
 .text.__swrite
                0x08000894       0x5c C:/PROGRA~2/ARMGNU~1/142BCE~1.3RE/bin/../lib/gcc/arm-none-eabi/14.3.1/../../../../arm-none-eabi/lib\libc.a(libc_a-stdio.o)
                0x08000894                __swrite
 .text.__sseek  0x080008f0       0x30 C:/PROGRA~2/ARMGNU~1/142BCE~1.3RE/bin/../lib/gcc/arm-none-eabi/14.3.1/../../../../arm-none-eabi/lib\libc.a(libc_a-stdio.o)
                0x080008f0                __sseek
 .text.__sclose
                0x08000920       0x14 C:/PROGRA~2/ARMGNU~1/142BCE~1.3RE/bin/../lib/gcc/arm-none-eabi/14.3.1/../../../../arm-none-eabi/lib\libc.a(libc_a-stdio.o)
                0x08000920                __sclose
 .text.memset   0x08000934      0x100 C:/PROGRA~2/ARMGNU~1/142BCE~1.3RE/bin/../lib/gcc/arm-none-eabi/14.3.1/../../../../arm-none-eabi/lib\libc.a(libc_a-memset.o)
                0x08000934                memset
 .text._close_r
                0x08000a34       0x3c C:/PROGRA~2/ARMGNU~1/142BCE~1.3RE/bin/../lib/gcc/arm-none-eabi/14.3.1/../../../../arm-none-eabi/lib\libc.a(libc_a-closer.o)
                0x08000a34                _close_r
 .text._reclaim_reent
                0x08000a70       0xc8 C:/PROGRA~2/ARMGNU~1/142BCE~1.3RE/bin/../lib/gcc/arm-none-eabi/14.3.1/../../../../arm-none-eabi/lib\libc.a(libc_a-reent.o)
                0x08000a70                _reclaim_reent
 .text._lseek_r
                0x08000b38       0x48 C:/PROGRA~2/ARMGNU~1/142BCE~1.3RE/bin/../lib/gcc/arm-none-eabi/14.3.1/../../../../arm-none-eabi/lib\libc.a(libc_a-lseekr.o)
                0x08000b38                _lseek_r
 .text._read_r  0x08000b80       0x48 C:/PROGRA~2/ARMGNU~1/142BCE~1.3RE/bin/../lib/gcc/arm-none-eabi/14.3.1/../../../../arm-none-eabi/lib\libc.a(libc_a-readr.o)
                0x08000b80                _read_r
 .text._write_r
                0x08000bc8       0x48 C:/PROGRA~2/ARMGNU~1/142BCE~1.3RE/bin/../lib/gcc/arm-none-eabi/14.3.1/../../../../arm-none-eabi/lib\libc.a(libc_a-writer.o)
                0x08000bc8                _write_r
 .text.__libc_init_array
                0x08000c10       0x90 C:/PROGRA~2/ARMGNU~1/142BCE~1.3RE/bin/../lib/gcc/arm-none-eabi/14.3.1/../../../../arm-none-eabi/lib\libc.a(libc_a-init.o)
                0x08000c10                __libc_init_array
 .text.__retarget_lock_init
                0x08000ca0        0x4 C:/PROGRA~2/ARMGNU~1/142BCE~1.3RE/bin/../lib/gcc/arm-none-eabi/14.3.1/../../../../arm-none-eabi/lib\libc.a(libc_a-lock.o)
                0x08000ca0                __retarget_lock_init
 .text.__retarget_lock_init_recursive
                0x08000ca4        0x4 C:/PROGRA~2/ARMGNU~1/142BCE~1.3RE/bin/../lib/gcc/arm-none-eabi/14.3.1/../../../../arm-none-eabi/lib\libc.a(libc_a-lock.o)
                0x08000ca4                __retarget_lock_init_recursive
 .text.__retarget_lock_close
                0x08000ca8        0x4 C:/PROGRA~2/ARMGNU~1/142BCE~1.3RE/bin/../lib/gcc/arm-none-eabi/14.3.1/../../../../arm-none-eabi/lib\libc.a(libc_a-lock.o)
                0x08000ca8                __retarget_lock_close
 .text.__retarget_lock_close_recursive
                0x08000cac        0x4 C:/PROGRA~2/ARMGNU~1/142BCE~1.3RE/bin/../lib/gcc/arm-none-eabi/14.3.1/../../../../arm-none-eabi/lib\libc.a(libc_a-lock.o)
                0x08000cac                __retarget_lock_close_recursive
 .text.__retarget_lock_acquire
                0x08000cb0        0x4 C:/PROGRA~2/ARMGNU~1/142BCE~1.3RE/bin/../lib/gcc/arm-none-eabi/14.3.1/../../../../arm-none-eabi/lib\libc.a(libc_a-lock.o)
                0x08000cb0                __retarget_lock_acquire
 .text.__retarget_lock_acquire_recursive
                0x08000cb4        0x4 C:/PROGRA~2/ARMGNU~1/142BCE~1.3RE/bin/../lib/gcc/arm-none-eabi/14.3.1/../../../../arm-none-eabi/lib\libc.a(libc_a-lock.o)
                0x08000cb4                __retarget_lock_acquire_recursive
 .text.__retarget_lock_try_acquire
                0x08000cb8        0x8 C:/PROGRA~2/ARMGNU~1/142BCE~1.3RE/bin/../lib/gcc/arm-none-eabi/14.3.1/../../../../arm-none-eabi/lib\libc.a(libc_a-lock.o)
                0x08000cb8                __retarget_lock_try_acquire
 .text.__retarget_lock_try_acquire_recursive
                0x08000cc0        0x8 C:/PROGRA~2/ARMGNU~1/142BCE~1.3RE/bin/../lib/gcc/arm-none-eabi/14.3.1/../../../../arm-none-eabi/lib\libc.a(libc_a-lock.o)
                0x08000cc0                __retarget_lock_try_acquire_recursive
 .text.__retarget_lock_release
                0x08000cc8        0x4 C:/PROGRA~2/ARMGNU~1/142BCE~1.3RE/bin/../lib/gcc/arm-none-eabi/14.3.1/../../../../arm-none-eabi/lib\libc.a(libc_a-lock.o)
                0x08000cc8                __retarget_lock_release
 .text.__retarget_lock_release_recursive
                0x08000ccc        0x4 C:/PROGRA~2/ARMGNU~1/142BCE~1.3RE/bin/../lib/gcc/arm-none-eabi/14.3.1/../../../../arm-none-eabi/lib\libc.a(libc_a-lock.o)
                0x08000ccc                __retarget_lock_release_recursive
 .text.startup.register_fini
                0x08000cd0       0x28 C:/PROGRA~2/ARMGNU~1/142BCE~1.3RE/bin/../lib/gcc/arm-none-eabi/14.3.1/../../../../arm-none-eabi/lib\libc.a(libc_a-__call_atexit.o)
 .text.__call_exitprocs
                0x08000cf8      0x144 C:/PROGRA~2/ARMGNU~1/142BCE~1.3RE/bin/../lib/gcc/arm-none-eabi/14.3.1/../../../../arm-none-eabi/lib\libc.a(libc_a-__call_atexit.o)
                0x08000cf8                __call_exitprocs
 .text.atexit   0x08000e3c       0x20 C:/PROGRA~2/ARMGNU~1/142BCE~1.3RE/bin/../lib/gcc/arm-none-eabi/14.3.1/../../../../arm-none-eabi/lib\libc.a(libc_a-atexit.o)
                0x08000e3c                atexit
 .text._malloc_trim_r
                0x08000e5c      0x114 C:/PROGRA~2/ARMGNU~1/142BCE~1.3RE/bin/../lib/gcc/arm-none-eabi/14.3.1/../../../../arm-none-eabi/lib\libc.a(libc_a-freer.o)
                0x08000e5c                _malloc_trim_r
 .text._free_r  0x08000f70      0x2e8 C:/PROGRA~2/ARMGNU~1/142BCE~1.3RE/bin/../lib/gcc/arm-none-eabi/14.3.1/../../../../arm-none-eabi/lib\libc.a(libc_a-freer.o)
                0x08000f70                _free_r
 .text._malloc_r
                0x08001258      0x7d0 C:/PROGRA~2/ARMGNU~1/142BCE~1.3RE/bin/../lib/gcc/arm-none-eabi/14.3.1/../../../../arm-none-eabi/lib\libc.a(libc_a-mallocr.o)
                0x08001258                _malloc_r
 .text.__malloc_lock
                0x08001a28       0x18 C:/PROGRA~2/ARMGNU~1/142BCE~1.3RE/bin/../lib/gcc/arm-none-eabi/14.3.1/../../../../arm-none-eabi/lib\libc.a(libc_a-mlock.o)
                0x08001a28                __malloc_lock
 .text.__malloc_unlock
                0x08001a40       0x18 C:/PROGRA~2/ARMGNU~1/142BCE~1.3RE/bin/../lib/gcc/arm-none-eabi/14.3.1/../../../../arm-none-eabi/lib\libc.a(libc_a-mlock.o)
                0x08001a40                __malloc_unlock
 .text._fclose_r
                0x08001a58      0x154 C:/PROGRA~2/ARMGNU~1/142BCE~1.3RE/bin/../lib/gcc/arm-none-eabi/14.3.1/../../../../arm-none-eabi/lib\libc.a(libc_a-fclose.o)
                0x08001a58                _fclose_r
 .text.fclose   0x08001bac       0x14 C:/PROGRA~2/ARMGNU~1/142BCE~1.3RE/bin/../lib/gcc/arm-none-eabi/14.3.1/../../../../arm-none-eabi/lib\libc.a(libc_a-fclose.o)
                0x08001bac                fclose
 .text.__sflush_r
                0x08001bc0      0x20c C:/PROGRA~2/ARMGNU~1/142BCE~1.3RE/bin/../lib/gcc/arm-none-eabi/14.3.1/../../../../arm-none-eabi/lib\libc.a(libc_a-fflush.o)
                0x08001bc0                __sflush_r
 .text._fflush_r
                0x08001dcc       0x9c C:/PROGRA~2/ARMGNU~1/142BCE~1.3RE/bin/../lib/gcc/arm-none-eabi/14.3.1/../../../../arm-none-eabi/lib\libc.a(libc_a-fflush.o)
                0x08001dcc                _fflush_r
 .text.fflush   0x08001e68       0xd4 C:/PROGRA~2/ARMGNU~1/142BCE~1.3RE/bin/../lib/gcc/arm-none-eabi/14.3.1/../../../../arm-none-eabi/lib\libc.a(libc_a-fflush.o)
                0x08001e68                fflush
 .text._sbrk_r  0x08001f3c       0x44 C:/PROGRA~2/ARMGNU~1/142BCE~1.3RE/bin/../lib/gcc/arm-none-eabi/14.3.1/../../../../arm-none-eabi/lib\libc.a(libc_a-sbrkr.o)
                0x08001f3c                _sbrk_r
 .text.__libc_fini_array
                0x08001f80       0x44 C:/PROGRA~2/ARMGNU~1/142BCE~1.3RE/bin/../lib/gcc/arm-none-eabi/14.3.1/../../../../arm-none-eabi/lib\libc.a(libc_a-fini.o)
                0x08001f80                __libc_fini_array
 .text.sysconf  0x08001fc4       0x30 C:/PROGRA~2/ARMGNU~1/142BCE~1.3RE/bin/../lib/gcc/arm-none-eabi/14.3.1/../../../../arm-none-eabi/lib\libc.a(libc_a-sysconf.o)
                0x08001fc4                sysconf
 .text.__register_exitproc
                0x08001ff4       0xb8 C:/PROGRA~2/ARMGNU~1/142BCE~1.3RE/bin/../lib/gcc/arm-none-eabi/14.3.1/../../../../arm-none-eabi/lib\libc.a(libc_a-__atexit.o)
                0x08001ff4                __register_exitproc
 .text.__errno  0x080020ac       0x10 C:/PROGRA~2/ARMGNU~1/142BCE~1.3RE/bin/../lib/gcc/arm-none-eabi/14.3.1/../../../../arm-none-eabi/lib\libc.a(libc_a-errno.o)
                0x080020ac                __errno
 *(.glue_7)
 .glue_7        0x080020bc        0x0 linker stubs
 *(.glue_7t)
 .glue_7t       0x080020bc        0x0 linker stubs
 *(.eh_frame)
 .eh_frame      0x080020bc        0x0 C:/PROGRA~2/ARMGNU~1/142BCE~1.3RE/bin/../lib/gcc/arm-none-eabi/14.3.1/crtbegin.o
 .eh_frame      0x080020bc        0x4 C:/PROGRA~2/ARMGNU~1/142BCE~1.3RE/bin/../lib/gcc/arm-none-eabi/14.3.1/crtend.o
 *(.init)
 .init          0x080020c0        0xc C:/PROGRA~2/ARMGNU~1/142BCE~1.3RE/bin/../lib/gcc/arm-none-eabi/14.3.1/crti.o
                0x080020c0                _init
 .init          0x080020cc        0xc C:/PROGRA~2/ARMGNU~1/142BCE~1.3RE/bin/../lib/gcc/arm-none-eabi/14.3.1/crtn.o
 *(.fini)
 .fini          0x080020d8        0xc C:/PROGRA~2/ARMGNU~1/142BCE~1.3RE/bin/../lib/gcc/arm-none-eabi/14.3.1/crti.o
                0x080020d8                _fini
 .fini          0x080020e4        0xc C:/PROGRA~2/ARMGNU~1/142BCE~1.3RE/bin/../lib/gcc/arm-none-eabi/14.3.1/crtn.o
                0x080020f0                        . = ALIGN (0x4)
                0x080020f0                        _etext = .

.vfp11_veneer   0x080020f0        0x0
 .vfp11_veneer  0x080020f0        0x0 linker stubs

.v4_bx          0x080020f0        0x0
 .v4_bx         0x080020f0        0x0 linker stubs

.iplt           0x080020f0        0x0
 .iplt          0x080020f0        0x0 C:/PROGRA~2/ARMGNU~1/142BCE~1.3RE/bin/../lib/gcc/arm-none-eabi/14.3.1/crtbegin.o

.rodata         0x080020f0       0x48
                0x080020f0                        . = ALIGN (0x4)
 *(.rodata)
 *(.rodata*)
 .rodata.all_implied_fbits
                0x080020f0       0x24 C:/PROGRA~2/ARMGNU~1/142BCE~1.3RE/bin/../lib/gcc/arm-none-eabi/14.3.1/crtbegin.o
 .rodata.all_implied_fbits
                0x08002114       0x24 C:/PROGRA~2/ARMGNU~1/142BCE~1.3RE/bin/../lib/gcc/arm-none-eabi/14.3.1/crtend.o
                0x08002138                        . = ALIGN (0x4)

.ARM.extab      0x08002138        0x0
                0x08002138                        . = ALIGN (0x4)
 *(.ARM.extab* .gnu.linkonce.armextab.*)
 .ARM.extab     0x08002138        0x0 C:/PROGRA~2/ARMGNU~1/142BCE~1.3RE/bin/../lib/gcc/arm-none-eabi/14.3.1/../../../../arm-none-eabi/lib/crt0.o
                0x08002138                        . = ALIGN (0x4)

.ARM            0x08002138        0x8
                0x08002138                        . = ALIGN (0x4)
                0x08002138                        __exidx_start = .
 *(.ARM.exidx*)
 .ARM.exidx     0x08002138        0x8 C:/PROGRA~2/ARMGNU~1/142BCE~1.3RE/bin/../lib/gcc/arm-none-eabi/14.3.1/../../../../arm-none-eabi/lib/crt0.o
                                 0x10 (size before relaxing)
                0x08002140                        __exidx_end = .
                0x08002140                        . = ALIGN (0x4)

.preinit_array  0x08002140        0x0
                0x08002140                        . = ALIGN (0x4)
                0x08002140                        PROVIDE (__preinit_array_start = .)
 *(.preinit_array*)
                0x08002140                        PROVIDE (__preinit_array_end = .)
                0x08002140                        . = ALIGN (0x4)

.init_array     0x08002140        0x8
                0x08002140                        . = ALIGN (0x4)
                0x08002140                        PROVIDE (__init_array_start = .)
 *(SORT_BY_NAME(.init_array.*))
 .init_array.00000
                0x08002140        0x4 C:/PROGRA~2/ARMGNU~1/142BCE~1.3RE/bin/../lib/gcc/arm-none-eabi/14.3.1/../../../../arm-none-eabi/lib\libc.a(libc_a-__call_atexit.o)
 *(.init_array*)
 .init_array    0x08002144        0x4 C:/PROGRA~2/ARMGNU~1/142BCE~1.3RE/bin/../lib/gcc/arm-none-eabi/14.3.1/crtbegin.o
                0x08002148                        PROVIDE (__init_array_end = .)
                0x08002148                        . = ALIGN (0x4)

.fini_array     0x08002148        0x4
                0x08002148                        . = ALIGN (0x4)
                0x08002148                        PROVIDE (__fini_array_start = .)
 *(SORT_BY_NAME(.fini_array.*))
 *(.fini_array*)
 .fini_array    0x08002148        0x4 C:/PROGRA~2/ARMGNU~1/142BCE~1.3RE/bin/../lib/gcc/arm-none-eabi/14.3.1/crtbegin.o
                0x0800214c                        PROVIDE (__fini_array_end = .)
                0x0800214c                        . = ALIGN (0x4)
                0x0800214c                        _sidata = LOADADDR (.data)

.rel.dyn        0x0800214c        0x0
 .rel.iplt      0x0800214c        0x0 C:/PROGRA~2/ARMGNU~1/142BCE~1.3RE/bin/../lib/gcc/arm-none-eabi/14.3.1/crtbegin.o

.data           0x20000000      0x630 load address 0x0800214c
                0x20000000                        . = ALIGN (0x4)
                0x20000000                        _sdata = .
 *(.data)
 .data          0x20000000        0x0 C:/PROGRA~2/ARMGNU~1/142BCE~1.3RE/bin/../lib/gcc/arm-none-eabi/14.3.1/crti.o
 .data          0x20000000        0x0 C:/PROGRA~2/ARMGNU~1/142BCE~1.3RE/bin/../lib/gcc/arm-none-eabi/14.3.1/crtbegin.o
 .data          0x20000000        0x0 C:/PROGRA~2/ARMGNU~1/142BCE~1.3RE/bin/../lib/gcc/arm-none-eabi/14.3.1/../../../../arm-none-eabi/lib/crt0.o
 .data          0x20000000        0x0 C:/PROGRA~2/ARMGNU~1/142BCE~1.3RE/bin/../lib/gcc/arm-none-eabi/14.3.1/../../../../arm-none-eabi/lib\libc.a(libc_a-exit.o)
 .data          0x20000000        0x0 C:/PROGRA~2/ARMGNU~1/142BCE~1.3RE/bin/../lib/gcc/arm-none-eabi/14.3.1/../../../../arm-none-eabi/lib\libc.a(libc_a-findfp.o)
 .data          0x20000000        0x0 C:/PROGRA~2/ARMGNU~1/142BCE~1.3RE/bin/../lib/gcc/arm-none-eabi/14.3.1/../../../../arm-none-eabi/lib\libc.a(libc_a-fwalk.o)
 .data          0x20000000        0x0 C:/PROGRA~2/ARMGNU~1/142BCE~1.3RE/bin/../lib/gcc/arm-none-eabi/14.3.1/../../../../arm-none-eabi/lib\libc.a(libc_a-stdio.o)
 .data          0x20000000        0x0 C:/PROGRA~2/ARMGNU~1/142BCE~1.3RE/bin/../lib/gcc/arm-none-eabi/14.3.1/../../../../arm-none-eabi/lib\libc.a(libc_a-memset.o)
 .data          0x20000000        0x0 C:/PROGRA~2/ARMGNU~1/142BCE~1.3RE/bin/../lib/gcc/arm-none-eabi/14.3.1/../../../../arm-none-eabi/lib\libc.a(libc_a-closer.o)
 .data          0x20000000        0x0 C:/PROGRA~2/ARMGNU~1/142BCE~1.3RE/bin/../lib/gcc/arm-none-eabi/14.3.1/../../../../arm-none-eabi/lib\libc.a(libc_a-reent.o)
 .data          0x20000000        0x0 C:/PROGRA~2/ARMGNU~1/142BCE~1.3RE/bin/../lib/gcc/arm-none-eabi/14.3.1/../../../../arm-none-eabi/lib\libc.a(libc_a-impure.o)
 .data          0x20000000        0x0 C:/PROGRA~2/ARMGNU~1/142BCE~1.3RE/bin/../lib/gcc/arm-none-eabi/14.3.1/../../../../arm-none-eabi/lib\libc.a(libc_a-lseekr.o)
 .data          0x20000000        0x0 C:/PROGRA~2/ARMGNU~1/142BCE~1.3RE/bin/../lib/gcc/arm-none-eabi/14.3.1/../../../../arm-none-eabi/lib\libc.a(libc_a-readr.o)
 .data          0x20000000        0x0 C:/PROGRA~2/ARMGNU~1/142BCE~1.3RE/bin/../lib/gcc/arm-none-eabi/14.3.1/../../../../arm-none-eabi/lib\libc.a(libc_a-writer.o)
 .data          0x20000000        0x0 C:/PROGRA~2/ARMGNU~1/142BCE~1.3RE/bin/../lib/gcc/arm-none-eabi/14.3.1/../../../../arm-none-eabi/lib\libc.a(libc_a-init.o)
 .data          0x20000000        0x0 C:/PROGRA~2/ARMGNU~1/142BCE~1.3RE/bin/../lib/gcc/arm-none-eabi/14.3.1/../../../../arm-none-eabi/lib\libc.a(libc_a-lock.o)
 .data          0x20000000        0x0 C:/PROGRA~2/ARMGNU~1/142BCE~1.3RE/bin/../lib/gcc/arm-none-eabi/14.3.1/../../../../arm-none-eabi/lib\libc.a(libc_a-__call_atexit.o)
 .data          0x20000000        0x0 C:/PROGRA~2/ARMGNU~1/142BCE~1.3RE/bin/../lib/gcc/arm-none-eabi/14.3.1/../../../../arm-none-eabi/lib\libc.a(libc_a-atexit.o)
 .data          0x20000000        0x0 C:/PROGRA~2/ARMGNU~1/142BCE~1.3RE/bin/../lib/gcc/arm-none-eabi/14.3.1/../../../../arm-none-eabi/lib\libc.a(libc_a-freer.o)
 .data          0x20000000        0x0 C:/PROGRA~2/ARMGNU~1/142BCE~1.3RE/bin/../lib/gcc/arm-none-eabi/14.3.1/../../../../arm-none-eabi/lib\libc.a(libc_a-mallocr.o)
 .data          0x20000000        0x0 C:/PROGRA~2/ARMGNU~1/142BCE~1.3RE/bin/../lib/gcc/arm-none-eabi/14.3.1/../../../../arm-none-eabi/lib\libc.a(libc_a-mlock.o)
 .data          0x20000000        0x0 C:/PROGRA~2/ARMGNU~1/142BCE~1.3RE/bin/../lib/gcc/arm-none-eabi/14.3.1/../../../../arm-none-eabi/lib\libc.a(libc_a-fclose.o)
 .data          0x20000000        0x0 C:/PROGRA~2/ARMGNU~1/142BCE~1.3RE/bin/../lib/gcc/arm-none-eabi/14.3.1/../../../../arm-none-eabi/lib\libc.a(libc_a-fflush.o)
 .data          0x20000000        0x0 C:/PROGRA~2/ARMGNU~1/142BCE~1.3RE/bin/../lib/gcc/arm-none-eabi/14.3.1/../../../../arm-none-eabi/lib\libc.a(libc_a-sbrkr.o)
 .data          0x20000000        0x0 C:/PROGRA~2/ARMGNU~1/142BCE~1.3RE/bin/../lib/gcc/arm-none-eabi/14.3.1/../../../../arm-none-eabi/lib\libc.a(libc_a-fini.o)
 .data          0x20000000        0x0 C:/PROGRA~2/ARMGNU~1/142BCE~1.3RE/bin/../lib/gcc/arm-none-eabi/14.3.1/../../../../arm-none-eabi/lib\libc.a(libc_a-sysconf.o)
 .data          0x20000000        0x0 C:/PROGRA~2/ARMGNU~1/142BCE~1.3RE/bin/../lib/gcc/arm-none-eabi/14.3.1/../../../../arm-none-eabi/lib\libc.a(libc_a-__atexit.o)
 .data          0x20000000        0x0 C:/PROGRA~2/ARMGNU~1/142BCE~1.3RE/bin/../lib/gcc/arm-none-eabi/14.3.1/../../../../arm-none-eabi/lib\libc.a(libc_a-errno.o)
 .data          0x20000000        0x0 C:/PROGRA~2/ARMGNU~1/142BCE~1.3RE/bin/../lib/gcc/arm-none-eabi/14.3.1\libgcc.a(_udivsi3.o)
 .data          0x20000000        0x0 C:/PROGRA~2/ARMGNU~1/142BCE~1.3RE/bin/../lib/gcc/arm-none-eabi/14.3.1\libgcc.a(_dvmd_tls.o)
 .data          0x20000000        0x0 CMakeFiles/template.dir/main.c.obj
 .data          0x20000000        0x0 C:/PROGRA~2/ARMGNU~1/142BCE~1.3RE/bin/../lib/gcc/arm-none-eabi/14.3.1/crtend.o
 .data          0x20000000        0x0 C:/PROGRA~2/ARMGNU~1/142BCE~1.3RE/bin/../lib/gcc/arm-none-eabi/14.3.1/crtn.o
 *(.data*)
 .data.__dso_handle
                0x20000000        0x4 C:/PROGRA~2/ARMGNU~1/142BCE~1.3RE/bin/../lib/gcc/arm-none-eabi/14.3.1/crtbegin.o
                0x20000000                __dso_handle
 .data.__sglue  0x20000004        0xc C:/PROGRA~2/ARMGNU~1/142BCE~1.3RE/bin/../lib/gcc/arm-none-eabi/14.3.1/../../../../arm-none-eabi/lib\libc.a(libc_a-findfp.o)
                0x20000004                __sglue
 .data._impure_ptr
                0x20000010        0x4 C:/PROGRA~2/ARMGNU~1/142BCE~1.3RE/bin/../lib/gcc/arm-none-eabi/14.3.1/../../../../arm-none-eabi/lib\libc.a(libc_a-impure.o)
                0x20000010                _impure_ptr
 *fill*         0x20000014        0x4 
 .data._impure_data
                0x20000018      0x200 C:/PROGRA~2/ARMGNU~1/142BCE~1.3RE/bin/../lib/gcc/arm-none-eabi/14.3.1/../../../../arm-none-eabi/lib\libc.a(libc_a-impure.o)
                0x20000018                _impure_data
 .data.__atexit_recursive_mutex
                0x20000218        0x4 C:/PROGRA~2/ARMGNU~1/142BCE~1.3RE/bin/../lib/gcc/arm-none-eabi/14.3.1/../../../../arm-none-eabi/lib\libc.a(libc_a-__call_atexit.o)
                0x20000218                __atexit_recursive_mutex
 .data.__malloc_sbrk_base
                0x2000021c        0x4 C:/PROGRA~2/ARMGNU~1/142BCE~1.3RE/bin/../lib/gcc/arm-none-eabi/14.3.1/../../../../arm-none-eabi/lib\libc.a(libc_a-mallocr.o)
                0x2000021c                __malloc_sbrk_base
 .data.__malloc_trim_threshold
                0x20000220        0x4 C:/PROGRA~2/ARMGNU~1/142BCE~1.3RE/bin/../lib/gcc/arm-none-eabi/14.3.1/../../../../arm-none-eabi/lib\libc.a(libc_a-mallocr.o)
                0x20000220                __malloc_trim_threshold
 *fill*         0x20000224        0x4 
 .data.__malloc_av_
                0x20000228      0x408 C:/PROGRA~2/ARMGNU~1/142BCE~1.3RE/bin/../lib/gcc/arm-none-eabi/14.3.1/../../../../arm-none-eabi/lib\libc.a(libc_a-mallocr.o)
                0x20000228                __malloc_av_
 *(.RamFunc)
 *(.RamFunc*)
                0x20000630                        . = ALIGN (0x4)
                0x20000630                        _edata = .

.tm_clone_table
                0x20000630        0x0 load address 0x0800277c
 .tm_clone_table
                0x20000630        0x0 C:/PROGRA~2/ARMGNU~1/142BCE~1.3RE/bin/../lib/gcc/arm-none-eabi/14.3.1/crtbegin.o
 .tm_clone_table
                0x20000630        0x0 C:/PROGRA~2/ARMGNU~1/142BCE~1.3RE/bin/../lib/gcc/arm-none-eabi/14.3.1/crtend.o

.igot.plt       0x20000630        0x0 load address 0x0800277c
 .igot.plt      0x20000630        0x0 C:/PROGRA~2/ARMGNU~1/142BCE~1.3RE/bin/../lib/gcc/arm-none-eabi/14.3.1/crtbegin.o
                0x20000630                        . = ALIGN (0x4)

.bss            0x20000630      0x344 load address 0x0800277c
                0x20000630                        _sbss = .
                0x20000630                        __bss_start__ = _sbss
 *(.bss)
 .bss           0x20000630        0x0 C:/PROGRA~2/ARMGNU~1/142BCE~1.3RE/bin/../lib/gcc/arm-none-eabi/14.3.1/crti.o
 .bss           0x20000630        0x0 C:/PROGRA~2/ARMGNU~1/142BCE~1.3RE/bin/../lib/gcc/arm-none-eabi/14.3.1/crtbegin.o
 .bss           0x20000630        0x0 C:/PROGRA~2/ARMGNU~1/142BCE~1.3RE/bin/../lib/gcc/arm-none-eabi/14.3.1/../../../../arm-none-eabi/lib/crt0.o
 .bss           0x20000630        0x0 C:/PROGRA~2/ARMGNU~1/142BCE~1.3RE/bin/../lib/gcc/arm-none-eabi/14.3.1/../../../../arm-none-eabi/lib\libc.a(libc_a-exit.o)
 .bss           0x20000630        0x0 C:/PROGRA~2/ARMGNU~1/142BCE~1.3RE/bin/../lib/gcc/arm-none-eabi/14.3.1/../../../../arm-none-eabi/lib\libc.a(libc_a-findfp.o)
 .bss           0x20000630        0x0 C:/PROGRA~2/ARMGNU~1/142BCE~1.3RE/bin/../lib/gcc/arm-none-eabi/14.3.1/../../../../arm-none-eabi/lib\libc.a(libc_a-fwalk.o)
 .bss           0x20000630        0x0 C:/PROGRA~2/ARMGNU~1/142BCE~1.3RE/bin/../lib/gcc/arm-none-eabi/14.3.1/../../../../arm-none-eabi/lib\libc.a(libc_a-stdio.o)
 .bss           0x20000630        0x0 C:/PROGRA~2/ARMGNU~1/142BCE~1.3RE/bin/../lib/gcc/arm-none-eabi/14.3.1/../../../../arm-none-eabi/lib\libc.a(libc_a-memset.o)
 .bss           0x20000630        0x0 C:/PROGRA~2/ARMGNU~1/142BCE~1.3RE/bin/../lib/gcc/arm-none-eabi/14.3.1/../../../../arm-none-eabi/lib\libc.a(libc_a-closer.o)
 .bss           0x20000630        0x0 C:/PROGRA~2/ARMGNU~1/142BCE~1.3RE/bin/../lib/gcc/arm-none-eabi/14.3.1/../../../../arm-none-eabi/lib\libc.a(libc_a-reent.o)
 .bss           0x20000630        0x0 C:/PROGRA~2/ARMGNU~1/142BCE~1.3RE/bin/../lib/gcc/arm-none-eabi/14.3.1/../../../../arm-none-eabi/lib\libc.a(libc_a-impure.o)
 .bss           0x20000630        0x0 C:/PROGRA~2/ARMGNU~1/142BCE~1.3RE/bin/../lib/gcc/arm-none-eabi/14.3.1/../../../../arm-none-eabi/lib\libc.a(libc_a-lseekr.o)
 .bss           0x20000630        0x0 C:/PROGRA~2/ARMGNU~1/142BCE~1.3RE/bin/../lib/gcc/arm-none-eabi/14.3.1/../../../../arm-none-eabi/lib\libc.a(libc_a-readr.o)
 .bss           0x20000630        0x0 C:/PROGRA~2/ARMGNU~1/142BCE~1.3RE/bin/../lib/gcc/arm-none-eabi/14.3.1/../../../../arm-none-eabi/lib\libc.a(libc_a-writer.o)
 .bss           0x20000630        0x0 C:/PROGRA~2/ARMGNU~1/142BCE~1.3RE/bin/../lib/gcc/arm-none-eabi/14.3.1/../../../../arm-none-eabi/lib\libc.a(libc_a-init.o)
 .bss           0x20000630        0x0 C:/PROGRA~2/ARMGNU~1/142BCE~1.3RE/bin/../lib/gcc/arm-none-eabi/14.3.1/../../../../arm-none-eabi/lib\libc.a(libc_a-lock.o)
 .bss           0x20000630        0x0 C:/PROGRA~2/ARMGNU~1/142BCE~1.3RE/bin/../lib/gcc/arm-none-eabi/14.3.1/../../../../arm-none-eabi/lib\libc.a(libc_a-__call_atexit.o)
 .bss           0x20000630        0x0 C:/PROGRA~2/ARMGNU~1/142BCE~1.3RE/bin/../lib/gcc/arm-none-eabi/14.3.1/../../../../arm-none-eabi/lib\libc.a(libc_a-atexit.o)
 .bss           0x20000630        0x0 C:/PROGRA~2/ARMGNU~1/142BCE~1.3RE/bin/../lib/gcc/arm-none-eabi/14.3.1/../../../../arm-none-eabi/lib\libc.a(libc_a-freer.o)
 .bss           0x20000630        0x0 C:/PROGRA~2/ARMGNU~1/142BCE~1.3RE/bin/../lib/gcc/arm-none-eabi/14.3.1/../../../../arm-none-eabi/lib\libc.a(libc_a-mallocr.o)
 .bss           0x20000630        0x0 C:/PROGRA~2/ARMGNU~1/142BCE~1.3RE/bin/../lib/gcc/arm-none-eabi/14.3.1/../../../../arm-none-eabi/lib\libc.a(libc_a-mlock.o)
 .bss           0x20000630        0x0 C:/PROGRA~2/ARMGNU~1/142BCE~1.3RE/bin/../lib/gcc/arm-none-eabi/14.3.1/../../../../arm-none-eabi/lib\libc.a(libc_a-fclose.o)
 .bss           0x20000630        0x0 C:/PROGRA~2/ARMGNU~1/142BCE~1.3RE/bin/../lib/gcc/arm-none-eabi/14.3.1/../../../../arm-none-eabi/lib\libc.a(libc_a-fflush.o)
 .bss           0x20000630        0x0 C:/PROGRA~2/ARMGNU~1/142BCE~1.3RE/bin/../lib/gcc/arm-none-eabi/14.3.1/../../../../arm-none-eabi/lib\libc.a(libc_a-sbrkr.o)
 .bss           0x20000630        0x0 C:/PROGRA~2/ARMGNU~1/142BCE~1.3RE/bin/../lib/gcc/arm-none-eabi/14.3.1/../../../../arm-none-eabi/lib\libc.a(libc_a-fini.o)
 .bss           0x20000630        0x0 C:/PROGRA~2/ARMGNU~1/142BCE~1.3RE/bin/../lib/gcc/arm-none-eabi/14.3.1/../../../../arm-none-eabi/lib\libc.a(libc_a-sysconf.o)
 .bss           0x20000630        0x0 C:/PROGRA~2/ARMGNU~1/142BCE~1.3RE/bin/../lib/gcc/arm-none-eabi/14.3.1/../../../../arm-none-eabi/lib\libc.a(libc_a-__atexit.o)
 .bss           0x20000630        0x0 C:/PROGRA~2/ARMGNU~1/142BCE~1.3RE/bin/../lib/gcc/arm-none-eabi/14.3.1/../../../../arm-none-eabi/lib\libc.a(libc_a-errno.o)
 .bss           0x20000630        0x0 C:/PROGRA~2/ARMGNU~1/142BCE~1.3RE/bin/../lib/gcc/arm-none-eabi/14.3.1\libgcc.a(_udivsi3.o)
 .bss           0x20000630        0x0 C:/PROGRA~2/ARMGNU~1/142BCE~1.3RE/bin/../lib/gcc/arm-none-eabi/14.3.1\libgcc.a(_dvmd_tls.o)
 .bss           0x20000630        0x0 CMakeFiles/template.dir/main.c.obj
 .bss           0x20000630        0x0 C:/PROGRA~2/ARMGNU~1/142BCE~1.3RE/bin/../lib/gcc/arm-none-eabi/14.3.1/crtend.o
 .bss           0x20000630        0x0 C:/PROGRA~2/ARMGNU~1/142BCE~1.3RE/bin/../lib/gcc/arm-none-eabi/14.3.1/crtn.o
 *(.bss*)
 .bss.completed.1
                0x20000630        0x1 C:/PROGRA~2/ARMGNU~1/142BCE~1.3RE/bin/../lib/gcc/arm-none-eabi/14.3.1/crtbegin.o
 *fill*         0x20000631        0x3 
 .bss.object.0  0x20000634       0x18 C:/PROGRA~2/ARMGNU~1/142BCE~1.3RE/bin/../lib/gcc/arm-none-eabi/14.3.1/crtbegin.o
 .bss.__sf      0x2000064c      0x138 C:/PROGRA~2/ARMGNU~1/142BCE~1.3RE/bin/../lib/gcc/arm-none-eabi/14.3.1/../../../../arm-none-eabi/lib\libc.a(libc_a-findfp.o)
                0x2000064c                __sf
 .bss.__stdio_exit_handler
                0x20000784        0x4 C:/PROGRA~2/ARMGNU~1/142BCE~1.3RE/bin/../lib/gcc/arm-none-eabi/14.3.1/../../../../arm-none-eabi/lib\libc.a(libc_a-findfp.o)
                0x20000784                __stdio_exit_handler
 .bss.errno     0x20000788        0x4 C:/PROGRA~2/ARMGNU~1/142BCE~1.3RE/bin/../lib/gcc/arm-none-eabi/14.3.1/../../../../arm-none-eabi/lib\libc.a(libc_a-reent.o)
                0x20000788                errno
 .bss.__lock___arc4random_mutex
                0x2000078c        0x1 C:/PROGRA~2/ARMGNU~1/142BCE~1.3RE/bin/../lib/gcc/arm-none-eabi/14.3.1/../../../../arm-none-eabi/lib\libc.a(libc_a-lock.o)
                0x2000078c                __lock___arc4random_mutex
 *fill*         0x2000078d        0x3 
 .bss.__lock___dd_hash_mutex
                0x20000790        0x1 C:/PROGRA~2/ARMGNU~1/142BCE~1.3RE/bin/../lib/gcc/arm-none-eabi/14.3.1/../../../../arm-none-eabi/lib\libc.a(libc_a-lock.o)
                0x20000790                __lock___dd_hash_mutex
 *fill*         0x20000791        0x3 
 .bss.__lock___tz_mutex
                0x20000794        0x1 C:/PROGRA~2/ARMGNU~1/142BCE~1.3RE/bin/../lib/gcc/arm-none-eabi/14.3.1/../../../../arm-none-eabi/lib\libc.a(libc_a-lock.o)
                0x20000794                __lock___tz_mutex
 *fill*         0x20000795        0x3 
 .bss.__lock___env_recursive_mutex
                0x20000798        0x1 C:/PROGRA~2/ARMGNU~1/142BCE~1.3RE/bin/../lib/gcc/arm-none-eabi/14.3.1/../../../../arm-none-eabi/lib\libc.a(libc_a-lock.o)
                0x20000798                __lock___env_recursive_mutex
 *fill*         0x20000799        0x3 
 .bss.__lock___malloc_recursive_mutex
                0x2000079c        0x1 C:/PROGRA~2/ARMGNU~1/142BCE~1.3RE/bin/../lib/gcc/arm-none-eabi/14.3.1/../../../../arm-none-eabi/lib\libc.a(libc_a-lock.o)
                0x2000079c                __lock___malloc_recursive_mutex
 *fill*         0x2000079d        0x3 
 .bss.__lock___at_quick_exit_mutex
                0x200007a0        0x1 C:/PROGRA~2/ARMGNU~1/142BCE~1.3RE/bin/../lib/gcc/arm-none-eabi/14.3.1/../../../../arm-none-eabi/lib\libc.a(libc_a-lock.o)
                0x200007a0                __lock___at_quick_exit_mutex
 *fill*         0x200007a1        0x3 
 .bss.__lock___atexit_recursive_mutex
                0x200007a4        0x1 C:/PROGRA~2/ARMGNU~1/142BCE~1.3RE/bin/../lib/gcc/arm-none-eabi/14.3.1/../../../../arm-none-eabi/lib\libc.a(libc_a-lock.o)
                0x200007a4                __lock___atexit_recursive_mutex
 *fill*         0x200007a5        0x3 
 .bss.__lock___sfp_recursive_mutex
                0x200007a8        0x1 C:/PROGRA~2/ARMGNU~1/142BCE~1.3RE/bin/../lib/gcc/arm-none-eabi/14.3.1/../../../../arm-none-eabi/lib\libc.a(libc_a-lock.o)
                0x200007a8                __lock___sfp_recursive_mutex
 *fill*         0x200007a9        0x3 
 .bss.__atexit  0x200007ac        0x4 C:/PROGRA~2/ARMGNU~1/142BCE~1.3RE/bin/../lib/gcc/arm-none-eabi/14.3.1/../../../../arm-none-eabi/lib\libc.a(libc_a-__call_atexit.o)
                0x200007ac                __atexit
 .bss.__malloc_current_mallinfo
                0x200007b0       0x28 C:/PROGRA~2/ARMGNU~1/142BCE~1.3RE/bin/../lib/gcc/arm-none-eabi/14.3.1/../../../../arm-none-eabi/lib\libc.a(libc_a-mallocr.o)
                0x200007b0                __malloc_current_mallinfo
 .bss.__malloc_max_total_mem
                0x200007d8        0x4 C:/PROGRA~2/ARMGNU~1/142BCE~1.3RE/bin/../lib/gcc/arm-none-eabi/14.3.1/../../../../arm-none-eabi/lib\libc.a(libc_a-mallocr.o)
                0x200007d8                __malloc_max_total_mem
 .bss.__malloc_max_sbrked_mem
                0x200007dc        0x4 C:/PROGRA~2/ARMGNU~1/142BCE~1.3RE/bin/../lib/gcc/arm-none-eabi/14.3.1/../../../../arm-none-eabi/lib\libc.a(libc_a-mallocr.o)
                0x200007dc                __malloc_max_sbrked_mem
 .bss.__malloc_top_pad
                0x200007e0        0x4 C:/PROGRA~2/ARMGNU~1/142BCE~1.3RE/bin/../lib/gcc/arm-none-eabi/14.3.1/../../../../arm-none-eabi/lib\libc.a(libc_a-mallocr.o)
                0x200007e0                __malloc_top_pad
 .bss.__atexit0
                0x200007e4      0x190 C:/PROGRA~2/ARMGNU~1/142BCE~1.3RE/bin/../lib/gcc/arm-none-eabi/14.3.1/../../../../arm-none-eabi/lib\libc.a(libc_a-__atexit.o)
                0x200007e4                __atexit0
 *(COMMON)
                0x20000974                        . = ALIGN (0x4)
                0x20000974                        _ebss = .
                0x20000974                        __bss_end__ = _ebss

._user_heap_stack
                0x20000974      0x604 load address 0x0800277c
                0x20000978                        . = ALIGN (0x8)
 *fill*         0x20000974        0x4 
                [!provide]                        PROVIDE (end = .)
                [!provide]                        PROVIDE (_end = .)
                0x20000b78                        . = (. + _Min_Heap_Size)
 *fill*         0x20000978      0x200 
                0x20000f78                        . = (. + _Min_Stack_Size)
 *fill*         0x20000b78      0x400 
                0x20000f78                        . = ALIGN (0x8)

/DISCARD/
 libc.a(*)
 libm.a(*)
 libgcc.a(*)

.ARM.attributes
                0x00000000       0x26
 *(.ARM.attributes)
 .ARM.attributes
                0x00000000       0x1c C:/PROGRA~2/ARMGNU~1/142BCE~1.3RE/bin/../lib/gcc/arm-none-eabi/14.3.1/crti.o
 .ARM.attributes
                0x0000001c       0x2a C:/PROGRA~2/ARMGNU~1/142BCE~1.3RE/bin/../lib/gcc/arm-none-eabi/14.3.1/crtbegin.o
 .ARM.attributes
                0x00000046       0x1a C:/PROGRA~2/ARMGNU~1/142BCE~1.3RE/bin/../lib/gcc/arm-none-eabi/14.3.1/../../../../arm-none-eabi/lib/crt0.o
 .ARM.attributes
                0x00000060       0x2a CMakeFiles/template.dir/main.c.obj
 .ARM.attributes
                0x0000008a       0x2a C:/PROGRA~2/ARMGNU~1/142BCE~1.3RE/bin/../lib/gcc/arm-none-eabi/14.3.1/crtend.o
 .ARM.attributes
                0x000000b4       0x1c C:/PROGRA~2/ARMGNU~1/142BCE~1.3RE/bin/../lib/gcc/arm-none-eabi/14.3.1/crtn.o
LOAD CMakeFiles/template.dir/main.c.obj
START GROUP
LOAD C:/PROGRA~2/ARMGNU~1/142BCE~1.3RE/bin/../lib/gcc/arm-none-eabi/14.3.1\libgcc.a
LOAD C:/PROGRA~2/ARMGNU~1/142BCE~1.3RE/bin/../lib/gcc/arm-none-eabi/14.3.1/../../../../arm-none-eabi/lib\libg.a
LOAD C:/PROGRA~2/ARMGNU~1/142BCE~1.3RE/bin/../lib/gcc/arm-none-eabi/14.3.1/../../../../arm-none-eabi/lib\libc.a
END GROUP
LOAD C:/PROGRA~2/ARMGNU~1/142BCE~1.3RE/bin/../lib/gcc/arm-none-eabi/14.3.1/crtend.o
LOAD C:/PROGRA~2/ARMGNU~1/142BCE~1.3RE/bin/../lib/gcc/arm-none-eabi/14.3.1/crtn.o
OUTPUT(bin\template.elf elf32-littlearm)
LOAD linker stubs
LOAD C:/PROGRA~2/ARMGNU~1/142BCE~1.3RE/bin/../lib/gcc/arm-none-eabi/14.3.1/../../../../arm-none-eabi/lib\libc.a
LOAD C:/PROGRA~2/ARMGNU~1/142BCE~1.3RE/bin/../lib/gcc/arm-none-eabi/14.3.1/../../../../arm-none-eabi/lib\libm.a
LOAD C:/PROGRA~2/ARMGNU~1/142BCE~1.3RE/bin/../lib/gcc/arm-none-eabi/14.3.1\libgcc.a

.debug_line_str
                0x00000000       0xc2
 .debug_line_str
                0x00000000       0xc2 C:/PROGRA~2/ARMGNU~1/142BCE~1.3RE/bin/../lib/gcc/arm-none-eabi/14.3.1/../../../../arm-none-eabi/lib/crt0.o

.debug_info     0x00000000       0x44
 .debug_info    0x00000000       0x44 CMakeFiles/template.dir/main.c.obj

.debug_abbrev   0x00000000       0x38
 .debug_abbrev  0x00000000       0x38 CMakeFiles/template.dir/main.c.obj

.debug_aranges  0x00000000       0x20
 .debug_aranges
                0x00000000       0x20 CMakeFiles/template.dir/main.c.obj

.debug_line     0x00000000       0x73
 .debug_line    0x00000000       0x73 CMakeFiles/template.dir/main.c.obj

.debug_str      0x00000000       0xc7
 .debug_str     0x00000000       0xc7 CMakeFiles/template.dir/main.c.obj

.comment        0x00000000       0x46
 .comment       0x00000000       0x46 CMakeFiles/template.dir/main.c.obj
                                 0x47 (size before relaxing)

.debug_frame    0x00000000       0x30
 .debug_frame   0x00000000       0x30 CMakeFiles/template.dir/main.c.obj
